
  .   ____          _            __ _ _
 /\\ / ___'_ __ _ _(_)_ __  __ _ \ \ \ \
( ( )\___ | '_ | '_| | '_ \/ _` | \ \ \ \
 \\/  ___)| |_)| | | | | || (_| |  ) ) ) )
  '  |____| .__|_| |_|_| |_\__, | / / / /
 =========|_|==============|___/=/_/_/_/
 :: Spring Boot ::                (v3.1.3)

2026-09-09T07:43:04.509+07:00  INFO 24148 --- [           main] vn.edu.eaut.lab15.Lab15Application       : Starting Lab15Application v0.0.1-SNAPSHOT using Java 23 with PID 24148 (D:\Java\lab15-spring-final-project\target\lab15-spring-final-project-0.0.1-SNAPSHOT.jar started by Admin in D:\Java\lab15-spring-final-project)
2026-09-09T07:43:04.517+07:00  INFO 24148 --- [           main] vn.edu.eaut.lab15.Lab15Application       : No active profile set, falling back to 1 default profile: "default"
2026-09-09T07:43:05.538+07:00  INFO 24148 --- [           main] .s.d.r.c.RepositoryConfigurationDelegate : Bootstrapping Spring Data JPA repositories in DEFAULT mode.
2026-09-09T07:43:05.658+07:00  INFO 24148 --- [           main] .s.d.r.c.RepositoryConfigurationDelegate : Finished Spring Data repository scanning in 106 ms. Found 4 JPA repository interfaces.
2026-09-09T07:43:06.646+07:00  INFO 24148 --- [           main] o.s.b.w.embedded.tomcat.TomcatWebServer  : Tomcat initialized with port(s): 8080 (http)
2026-09-09T07:43:06.665+07:00  INFO 24148 --- [           main] o.apache.catalina.core.StandardService   : Starting service [Tomcat]
2026-09-09T07:43:06.665+07:00  INFO 24148 --- [           main] o.apache.catalina.core.StandardEngine    : Starting Servlet engine: [Apache Tomcat/10.1.12]
2026-09-09T07:43:06.777+07:00  INFO 24148 --- [           main] o.a.c.c.C.[Tomcat].[localhost].[/]       : Initializing Spring embedded WebApplicationContext
2026-09-09T07:43:06.785+07:00  INFO 24148 --- [           main] w.s.c.ServletWebServerApplicationContext : Root WebApplicationContext: initialization completed in 2155 ms
2026-09-09T07:43:06.838+07:00  INFO 24148 --- [           main] com.zaxxer.hikari.HikariDataSource       : HikariPool-1 - Starting...
2026-09-09T07:43:07.123+07:00  INFO 24148 --- [           main] com.zaxxer.hikari.pool.HikariPool        : HikariPool-1 - Added connection conn0: url=jdbc:h2:mem:lab15 user=SA
2026-09-09T07:43:07.123+07:00  INFO 24148 --- [           main] com.zaxxer.hikari.HikariDataSource       : HikariPool-1 - Start completed.
2026-09-09T07:43:07.142+07:00  INFO 24148 --- [           main] o.s.b.a.h2.H2ConsoleAutoConfiguration    : H2 console available at '/h2-console'. Database available at 'jdbc:h2:mem:lab15'
2026-09-09T07:43:07.392+07:00  INFO 24148 --- [           main] o.hibernate.jpa.internal.util.LogHelper  : HHH000204: Processing PersistenceUnitInfo [name: default]
2026-09-09T07:43:07.533+07:00  INFO 24148 --- [           main] org.hibernate.Version                    : HHH000412: Hibernate ORM core version 6.2.7.Final
2026-09-09T07:43:07.533+07:00  INFO 24148 --- [           main] org.hibernate.cfg.Environment            : HHH000406: Using bytecode reflection optimizer
2026-09-09T07:43:07.749+07:00  INFO 24148 --- [           main] o.h.b.i.BytecodeProviderInitiator        : HHH000021: Bytecode provider name : bytebuddy
2026-09-09T07:43:07.979+07:00  INFO 24148 --- [           main] o.s.o.j.p.SpringPersistenceUnitInfo      : No LoadTimeWeaver setup: ignoring JPA class transformer
2026-09-09T07:43:08.370+07:00  INFO 24148 --- [           main] o.h.b.i.BytecodeProviderInitiator        : HHH000021: Bytecode provider name : bytebuddy
2026-09-09T07:43:09.325+07:00  INFO 24148 --- [           main] o.h.e.t.j.p.i.JtaPlatformInitiator       : HHH000490: Using JtaPlatform implementation: [org.hibernate.engine.transaction.jta.platform.internal.NoJtaPlatform]
Hibernate: create table app_users (id bigint generated by default as identity, password varchar(255) not null, role varchar(255) not null, username varchar(255) not null, primary key (id))
Hibernate: create table courses (id bigint generated by default as identity, course_code varchar(255) not null, course_name varchar(255) not null, credits integer not null, primary key (id))
Hibernate: create table enrollments (id bigint generated by default as identity, enrolled_at date not null, grade float(53), course_id bigint not null, student_id bigint not null, primary key (id))
Hibernate: create table students (id bigint generated by default as identity, email varchar(255) not null, name varchar(255) not null, primary key (id))
Hibernate: alter table if exists app_users drop constraint if exists UK_spsnwr241e9k9c8p5xl4k45ih
Hibernate: alter table if exists app_users add constraint UK_spsnwr241e9k9c8p5xl4k45ih unique (username)
Hibernate: alter table if exists courses drop constraint if exists UK_p02ts69sh53ptd62m3c67v0
Hibernate: alter table if exists courses add constraint UK_p02ts69sh53ptd62m3c67v0 unique (course_code)
Hibernate: alter table if exists enrollments drop constraint if exists UKi0g6mfijtuh199nj653nva6j5
Hibernate: alter table if exists enrollments add constraint UKi0g6mfijtuh199nj653nva6j5 unique (student_id, course_id)
Hibernate: alter table if exists students drop constraint if exists UK_e2rndfrsx22acpq2ty1caeuyw
Hibernate: alter table if exists students add constraint UK_e2rndfrsx22acpq2ty1caeuyw unique (email)
Hibernate: alter table if exists enrollments add constraint FKho8mcicp4196ebpltdn9wl6co foreign key (course_id) references courses
Hibernate: alter table if exists enrollments add constraint FK8kf1u1857xgo56xbfmnif2c51 foreign key (student_id) references students
2026-09-09T07:43:09.416+07:00  INFO 24148 --- [           main] j.LocalContainerEntityManagerFactoryBean : Initialized JPA EntityManagerFactory for persistence unit 'default'
2026-09-09T07:43:10.371+07:00  INFO 24148 --- [           main] o.s.s.web.DefaultSecurityFilterChain     : Will secure any request with [org.springframework.security.web.session.DisableEncodeUrlFilter@43982337, org.springframework.security.web.context.request.async.WebAsyncManagerIntegrationFilter@5b275811, org.springframework.security.web.context.SecurityContextHolderFilter@15efda6c, org.springframework.security.web.header.HeaderWriterFilter@6232ffdb, org.springframework.security.web.csrf.CsrfFilter@6415f61e, org.springframework.security.web.authentication.logout.LogoutFilter@462e1e64, org.springframework.security.web.authentication.UsernamePasswordAuthenticationFilter@46e64760, org.springframework.security.web.savedrequest.RequestCacheAwareFilter@33f2df51, org.springframework.security.web.servletapi.SecurityContextHolderAwareRequestFilter@7bac686b, org.springframework.security.web.authentication.AnonymousAuthenticationFilter@2f0ed952, org.springframework.security.web.access.ExceptionTranslationFilter@61bcbcce, org.springframework.security.web.access.intercept.AuthorizationFilter@22c75c01]
2026-09-09T07:43:10.942+07:00  INFO 24148 --- [           main] o.s.b.w.embedded.tomcat.TomcatWebServer  : Tomcat started on port(s): 8080 (http) with context path ''
2026-09-09T07:43:10.969+07:00  INFO 24148 --- [           main] vn.edu.eaut.lab15.Lab15Application       : Started Lab15Application in 7.025 seconds (process running for 7.823)
Hibernate: select count(*) from app_users a1_0
Hibernate: insert into app_users (password,role,username,id) values (?,?,?,default)
Hibernate: insert into app_users (password,role,username,id) values (?,?,?,default)
>>> [Lab15] Default users created: user/123456, admin/admin123
Hibernate: select count(*) from students s1_0
Hibernate: insert into students (email,name,id) values (?,?,default)
Hibernate: insert into students (email,name,id) values (?,?,default)
Hibernate: insert into students (email,name,id) values (?,?,default)
Hibernate: insert into students (email,name,id) values (?,?,default)
Hibernate: insert into students (email,name,id) values (?,?,default)
>>> [Lab15] Sample students created (5 records)
Hibernate: select count(*) from courses c1_0
Hibernate: insert into courses (course_code,course_name,credits,id) values (?,?,?,default)
Hibernate: insert into courses (course_code,course_name,credits,id) values (?,?,?,default)
Hibernate: insert into courses (course_code,course_name,credits,id) values (?,?,?,default)
Hibernate: insert into courses (course_code,course_name,credits,id) values (?,?,?,default)
Hibernate: insert into courses (course_code,course_name,credits,id) values (?,?,?,default)
>>> [Lab15] Sample courses created (5 records)
2026-09-09T07:43:51.473+07:00  INFO 24148 --- [nio-8080-exec-1] o.a.c.c.C.[Tomcat].[localhost].[/]       : Initializing Spring DispatcherServlet 'dispatcherServlet'
2026-09-09T07:43:51.473+07:00  INFO 24148 --- [nio-8080-exec-1] o.s.web.servlet.DispatcherServlet        : Initializing Servlet 'dispatcherServlet'
2026-09-09T07:43:51.473+07:00  INFO 24148 --- [nio-8080-exec-1] o.s.web.servlet.DispatcherServlet        : Completed initialization in 0 ms
2026-09-09T07:43:52.750+07:00  WARN 24148 --- [nio-8080-exec-1] o.a.c.util.SessionIdGeneratorBase        : Creation of SecureRandom instance for session ID generation using [SHA1PRNG] took [136] milliseconds.
Hibernate: select a1_0.id,a1_0.password,a1_0.role,a1_0.username from app_users a1_0 where a1_0.username=?
Hibernate: select count(*) from students s1_0
Hibernate: select count(*) from courses c1_0
Hibernate: select count(*) from enrollments e1_0
Hibernate: select s1_0.id,s1_0.email,s1_0.name from students s1_0 where s1_0.id=?
Hibernate: select e1_0.id,e1_0.course_id,e1_0.enrolled_at,e1_0.grade,e1_0.student_id from enrollments e1_0 where e1_0.student_id=?
Hibernate: select s1_0.id,s1_0.email,s1_0.name from students s1_0
Hibernate: select e1_0.student_id,e1_0.id,e1_0.course_id,e1_0.enrolled_at,e1_0.grade from enrollments e1_0 where e1_0.student_id=?
Hibernate: select e1_0.student_id,e1_0.id,e1_0.course_id,e1_0.enrolled_at,e1_0.grade from enrollments e1_0 where e1_0.student_id=?
Hibernate: select e1_0.student_id,e1_0.id,e1_0.course_id,e1_0.enrolled_at,e1_0.grade from enrollments e1_0 where e1_0.student_id=?
Hibernate: select e1_0.student_id,e1_0.id,e1_0.course_id,e1_0.enrolled_at,e1_0.grade from enrollments e1_0 where e1_0.student_id=?
Hibernate: select e1_0.student_id,e1_0.id,e1_0.course_id,e1_0.enrolled_at,e1_0.grade from enrollments e1_0 where e1_0.student_id=?
Hibernate: select c1_0.id,c1_0.course_code,c1_0.course_name,c1_0.credits from courses c1_0
Hibernate: select e1_0.course_id,e1_0.id,e1_0.enrolled_at,e1_0.grade,e1_0.student_id from enrollments e1_0 where e1_0.course_id=?
Hibernate: select e1_0.course_id,e1_0.id,e1_0.enrolled_at,e1_0.grade,e1_0.student_id from enrollments e1_0 where e1_0.course_id=?
Hibernate: select e1_0.course_id,e1_0.id,e1_0.enrolled_at,e1_0.grade,e1_0.student_id from enrollments e1_0 where e1_0.course_id=?
Hibernate: select e1_0.course_id,e1_0.id,e1_0.enrolled_at,e1_0.grade,e1_0.student_id from enrollments e1_0 where e1_0.course_id=?
Hibernate: select e1_0.course_id,e1_0.id,e1_0.enrolled_at,e1_0.grade,e1_0.student_id from enrollments e1_0 where e1_0.course_id=?
Hibernate: select e1_0.id,e1_0.course_id,e1_0.enrolled_at,e1_0.grade,e1_0.student_id from enrollments e1_0
Hibernate: select a1_0.id,a1_0.password,a1_0.role,a1_0.username from app_users a1_0 where a1_0.username=?
Hibernate: select s1_0.id,s1_0.email,s1_0.name from students s1_0
Hibernate: select c1_0.id,c1_0.course_code,c1_0.course_name,c1_0.credits from courses c1_0
Hibernate: select s1_0.id,s1_0.email,s1_0.name from students s1_0 where s1_0.id=?
Hibernate: select c1_0.id,c1_0.course_code,c1_0.course_name,c1_0.credits from courses c1_0 where c1_0.id=?
Hibernate: select e1_0.id,e1_0.course_id,e1_0.enrolled_at,e1_0.grade,e1_0.student_id from enrollments e1_0 where e1_0.student_id=? and e1_0.course_id=?
Hibernate: insert into enrollments (course_id,enrolled_at,grade,student_id,id) values (?,?,?,?,default)
Hibernate: select e1_0.id,e1_0.course_id,e1_0.enrolled_at,e1_0.grade,e1_0.student_id from enrollments e1_0
Hibernate: select s1_0.id,s1_0.email,s1_0.name from students s1_0 where s1_0.id=?
Hibernate: select c1_0.id,c1_0.course_code,c1_0.course_name,c1_0.credits from courses c1_0 where c1_0.id=?
Hibernate: select e1_0.id,e1_0.course_id,e1_0.enrolled_at,e1_0.grade,e1_0.student_id from enrollments e1_0 where e1_0.id=?
Hibernate: delete from enrollments where id=?
Hibernate: select a1_0.id,a1_0.password,a1_0.role,a1_0.username from app_users a1_0 where a1_0.username=?
Hibernate: select s1_0.id,s1_0.email,s1_0.name from students s1_0
Hibernate: select c1_0.id,c1_0.course_code,c1_0.course_name,c1_0.credits from courses c1_0
Hibernate: select s1_0.id,s1_0.email,s1_0.name from students s1_0 where s1_0.id=?
Hibernate: select c1_0.id,c1_0.course_code,c1_0.course_name,c1_0.credits from courses c1_0 where c1_0.id=?
Hibernate: select e1_0.id,e1_0.course_id,e1_0.enrolled_at,e1_0.grade,e1_0.student_id from enrollments e1_0 where e1_0.student_id=? and e1_0.course_id=?
Hibernate: insert into enrollments (course_id,enrolled_at,grade,student_id,id) values (?,?,?,?,default)
Hibernate: select e1_0.id,e1_0.course_id,e1_0.enrolled_at,e1_0.grade,e1_0.student_id from enrollments e1_0
Hibernate: select s1_0.id,s1_0.email,s1_0.name from students s1_0 where s1_0.id=?
Hibernate: select c1_0.id,c1_0.course_code,c1_0.course_name,c1_0.credits from courses c1_0 where c1_0.id=?
Hibernate: select a1_0.id,a1_0.password,a1_0.role,a1_0.username from app_users a1_0 where a1_0.username=?
Hibernate: select count(*) from students s1_0
Hibernate: select count(*) from courses c1_0
Hibernate: select count(*) from enrollments e1_0
Hibernate: select s1_0.id,s1_0.email,s1_0.name from students s1_0
Hibernate: select e1_0.student_id,e1_0.id,e1_0.course_id,e1_0.enrolled_at,e1_0.grade from enrollments e1_0 where e1_0.student_id=?
Hibernate: select e1_0.student_id,e1_0.id,e1_0.course_id,e1_0.enrolled_at,e1_0.grade from enrollments e1_0 where e1_0.student_id=?
Hibernate: select e1_0.student_id,e1_0.id,e1_0.course_id,e1_0.enrolled_at,e1_0.grade from enrollments e1_0 where e1_0.student_id=?
Hibernate: select e1_0.student_id,e1_0.id,e1_0.course_id,e1_0.enrolled_at,e1_0.grade from enrollments e1_0 where e1_0.student_id=?
Hibernate: select e1_0.student_id,e1_0.id,e1_0.course_id,e1_0.enrolled_at,e1_0.grade from enrollments e1_0 where e1_0.student_id=?
Hibernate: select s1_0.id,s1_0.email,s1_0.name from students s1_0 where s1_0.id=?
Hibernate: select e1_0.id,e1_0.course_id,e1_0.enrolled_at,e1_0.grade,e1_0.student_id from enrollments e1_0 where e1_0.student_id=?
Hibernate: select e1_0.id,e1_0.course_id,e1_0.enrolled_at,e1_0.grade,e1_0.student_id from enrollments e1_0
Hibernate: select s1_0.id,s1_0.email,s1_0.name from students s1_0 where s1_0.id=?
Hibernate: select c1_0.id,c1_0.course_code,c1_0.course_name,c1_0.credits from courses c1_0 where c1_0.id=?
Hibernate: select a1_0.id,a1_0.password,a1_0.role,a1_0.username from app_users a1_0 where a1_0.username=?
Hibernate: select a1_0.id,a1_0.password,a1_0.role,a1_0.username from app_users a1_0 where a1_0.username=?
Hibernate: select a1_0.id,a1_0.password,a1_0.role,a1_0.username from app_users a1_0 where a1_0.username=?
